error: `System` pallet declaration is missing. Please add this line: `System: frame_system,`
 --> $DIR/missing_system_module.rs:8:2
  |
8 | /     {
9 | |     }
  | |_____^
